#-----------------------------------------------------------
# Vivado v2020.1 (64-bit)
# SW Build 2902540 on Wed May 27 19:54:49 MDT 2020
# IP Build 2902112 on Wed May 27 22:43:36 MDT 2020
# Start of session at: Fri Mar 10 14:28:52 2023
# Process ID: 21128
# Current directory: C:/Users/tangx/Desktop/Test_3EG/fake_sensor_0x08B40/project_1
# Command line: vivado.exe -gui_launcher_event rodinguilauncherevent10452 C:\Users\tangx\Desktop\Test_3EG\fake_sensor_0x08B40\project_1\project_1.xpr
# Log file: C:/Users/tangx/Desktop/Test_3EG/fake_sensor_0x08B40/project_1/vivado.log
# Journal file: C:/Users/tangx/Desktop/Test_3EG/fake_sensor_0x08B40/project_1\vivado.jou
#-----------------------------------------------------------
start_gui
open_project C:/Users/tangx/Desktop/Test_3EG/fake_sensor_0x08B40/project_1/project_1.xpr
update_compile_order -fileset sources_1
set_property  ip_repo_paths  {} [current_project]
update_ip_catalog
set_property  ip_repo_paths  C:/Users/tangx/Desktop/Test_3EG/fake_sensor_0x08B40 [current_project]
update_ip_catalog
update_ip_catalog -rebuild
ipx::edit_ip_in_project -upgrade true -name fake_sensor_0x03C10_v1_0_project -directory C:/Users/tangx/Desktop/Test_3EG/fake_sensor_0x08B40/project_1/project_1.tmp/fake_sensor_0x03C10_v1_0_project c:/Users/tangx/Desktop/Test_3EG/fake_sensor_0x08B40/component.xml
update_compile_order -fileset sources_1
ipx::merge_project_changes hdl_parameters [ipx::current_core]
set_property layout {vertical} [ipgui::get_guiparamspec -name "I2C_SLAVE_REG_MODE" -component [ipx::current_core] ]
set_property value 1 [ipx::get_user_parameters I2C_SLAVE_REG_MODE -of_objects [ipx::current_core]]
set_property value 1 [ipx::get_hdl_parameters I2C_SLAVE_REG_MODE -of_objects [ipx::current_core]]
set_property widget {hexEdit} [ipgui::get_guiparamspec -name "I2C_SLAVE_ADDR" -component [ipx::current_core] ]
set_property layout {vertical} [ipgui::get_guiparamspec -name "I2C_SLAVE_DAT_MODE" -component [ipx::current_core] ]
set_property value 0 [ipx::get_user_parameters I2C_SLAVE_DAT_MODE -of_objects [ipx::current_core]]
set_property value 0 [ipx::get_hdl_parameters I2C_SLAVE_DAT_MODE -of_objects [ipx::current_core]]
set_property widget {hexEdit} [ipgui::get_guiparamspec -name "REG_DEVICE_ADDR" -component [ipx::current_core] ]
set_property layout {vertical} [ipgui::get_guiparamspec -name "SDA_T_POLARITY" -component [ipx::current_core] ]
set_property value 0 [ipx::get_user_parameters SDA_T_POLARITY -of_objects [ipx::current_core]]
set_property value 0 [ipx::get_hdl_parameters SDA_T_POLARITY -of_objects [ipx::current_core]]
set_property layout {vertical} [ipgui::get_guiparamspec -name "DEVICE_ADDR_BIT" -component [ipx::current_core] ]
set_property value 0 [ipx::get_user_parameters DEVICE_ADDR_BIT -of_objects [ipx::current_core]]
set_property value 0 [ipx::get_hdl_parameters DEVICE_ADDR_BIT -of_objects [ipx::current_core]]
set_property layout {vertical} [ipgui::get_guiparamspec -name "I2C_SLAVE_REG_MODE" -component [ipx::current_core] ]
set_property layout {vertical} [ipgui::get_guiparamspec -name "I2C_SLAVE_REG_MODE" -component [ipx::current_core] ]
set_property layout {vertical} [ipgui::get_guiparamspec -name "I2C_SLAVE_REG_MODE" -component [ipx::current_core] ]
set_property layout {vertical} [ipgui::get_guiparamspec -name "DEVICE_ADDR_BIT" -component [ipx::current_core] ]
set_property previous_version_for_upgrade {xilinx.com:user:i2c_slave:1.0 xilinx.com:user:i2c_slave:1.2 xilinx.com:user:i2c_slave:1.3 xilinx.com:user:i2c_slave:1.4 xilinx.com:user:i2c_slave:1.5 xilinx.com:user:fake_sensor_0x03C10:1.0} [ipx::current_core]
set_property core_revision 1 [ipx::current_core]
ipx::create_xgui_files [ipx::current_core]
ipx::update_checksums [ipx::current_core]
ipx::save_core [ipx::current_core]
ipx::move_temp_component_back -component [ipx::current_core]
close_project -delete
update_ip_catalog -rebuild -repo_path c:/Users/tangx/Desktop/Test_3EG/fake_sensor_0x08B40
ipx::edit_ip_in_project -upgrade true -name fake_sensor_0x08B40_v1_0_project -directory C:/Users/tangx/Desktop/Test_3EG/fake_sensor_0x08B40/project_1/project_1.tmp/fake_sensor_0x08B40_v1_0_project c:/Users/tangx/Desktop/Test_3EG/fake_sensor_0x08B40/component.xml
update_compile_order -fileset sources_1
set_property core_revision 2 [ipx::current_core]
ipx::update_source_project_archive -component [ipx::current_core]
ipx::create_xgui_files [ipx::current_core]
ipx::update_checksums [ipx::current_core]
ipx::save_core [ipx::current_core]
ipx::move_temp_component_back -component [ipx::current_core]
close_project -delete
update_ip_catalog -rebuild -repo_path c:/Users/tangx/Desktop/Test_3EG/fake_sensor_0x08B40
open_bd_design {C:/Users/tangx/Desktop/Test_3EG/fake_sensor_0x08B40/project_1/project_1.srcs/sources_1/bd/design_1/design_1.bd}
delete_bd_objs [get_bd_cells i2c_slave_0]
startgroup
create_bd_cell -type ip -vlnv xilinx.com:user:fake_sensor_0x08B40:1.0 fake_sensor_0x08B40_0
endgroup
close_bd_design [get_bd_designs design_1]
open_bd_design {C:/Users/tangx/Desktop/Test_3EG/fake_sensor_0x08B40/project_1/project_1.srcs/sources_1/bd/design_1/design_1.bd}
delete_bd_objs [get_bd_cells i2c_slave_0]
export_ip_user_files -of_objects  [get_files C:/Users/tangx/Desktop/Test_3EG/fake_sensor_0x08B40/project_1/project_1.srcs/sources_1/bd/design_1/design_1.bd] -no_script -reset -force -quiet
remove_files  C:/Users/tangx/Desktop/Test_3EG/fake_sensor_0x08B40/project_1/project_1.srcs/sources_1/bd/design_1/design_1.bd
remove_files  C:/Users/tangx/Desktop/Test_3EG/fake_sensor_0x08B40/project_1/project_1.srcs/sources_1/bd/design_1/design_1.bd
reset_run synth_1
